// Jest Snapshot v1, https://goo.gl/fbAQLP

exports[`basic tables render correctly 1`] = `
<body>
  <div
    class="engrafo-container"
  >
    


    <div
      class="ltx_page_content"
    >
      

      <dt-article>
        

        <figure
          class="ltx_table"
          id="tab1"
        >
          

          <table
            class="ltx_tabular ltx_guessed_headers ltx_align_middle"
          >
            

            <tbody
              class="ltx_tbody"
            >
              

              <tr
                class="ltx_tr"
              >
                

                <th
                  class="ltx_td ltx_align_center ltx_th ltx_th_row"
                >
                  

                  <span
                    class="ltx_ERROR undefined"
                  >
                    \\toprule
                  </span>
                  First column
                </th>
                

                <td
                  class="ltx_td ltx_align_center"
                >
                  Second column
                </td>
                

              </tr>
              

              <tr
                class="ltx_tr"
              >
                

                <th
                  class="ltx_td ltx_align_center ltx_th ltx_th_row"
                >
                  

                  <span
                    class="ltx_ERROR undefined"
                  >
                    \\toprule
                  </span>
                  123
                </th>
                

                <td
                  class="ltx_td ltx_align_center"
                >
                  456
                </td>
                

              </tr>
              

              <tr
                class="ltx_tr"
              >
                

                <th
                  class="ltx_td ltx_align_center ltx_th ltx_th_row"
                >
                  234
                </th>
                

                <td
                  class="ltx_td ltx_align_center"
                >
                  567
                </td>
                

              </tr>
              

              <tr
                class="ltx_tr"
              >
                

                <th
                  class="ltx_td ltx_align_center ltx_th ltx_th_row"
                >
                  567
                </th>
                

                <td
                  class="ltx_td ltx_align_center"
                >
                  890
                </td>
                

              </tr>
              

            </tbody>
            

          </table>
          

          <figcaption
            class="ltx_caption"
          >
            <span
              class="ltx_tag ltx_tag_table"
            >
              TableÂ 
              <span
                class="ltx_ERROR undefined"
              >
                \\thetable
              </span>
              : 
            </span>
            Some numbers.
          </figcaption>
          

        </figure>
        

        <div
          class="ltx_para"
          id="p1"
        >
          

          <p
            class="ltx_p"
          >
            Take a look at some cool data in table 
            <span
              class="ltx_ref ltx_ref_self"
            >
              id1
            </span>
            .
          </p>
          

        </div>
        

      </dt-article>
      

      <dt-appendix>
        

        


        <div
          class="l-body"
        />
        

      </dt-appendix>
    </div>
    





    <div
      id="footnote-hover-boxes-container"
    />
  </div>
</body>
`;
